// Jest Snapshot v1, https://goo.gl/fbAQLP

exports[` has the option of moving the icon to the left 1`] = `
<div>
  <div
    class="container-0-2-4"
  >
    <div
      class="root-0-2-22 medium-0-2-28"
    >
      <input
        class="input-0-2-30 password-0-2-2 inputMedium-0-2-32"
        type="password"
        value=""
      />
      <div
        class="affix-0-2-38 suffix-0-2-35 suffix-0-2-41"
      >
        <button
          class="resetButton-0-2-3 icon-0-2-1"
          type="button"
        >
          <svg
            fill="none"
            height="24"
            viewBox="0 0 24 24"
            width="24"
            xmlns="http://www.w3.org/2000/svg"
          >
            <path
              clip-rule="evenodd"
              d="M2.937 3.36612C2.44885 3.85427 2.44885 4.64572 2.937 5.13388L5.93092 8.1278C4.69525 9.00632 3.46629 10.1547 2.24816 11.573L2.23942 11.583C1.91318 11.9632 1.92444 12.5267 2.24816 12.8929C6.60756 17.9686 11.1057 19.5878 15.5536 17.7505L18.8469 21.0438C19.335 21.5319 20.1265 21.5319 20.6146 21.0438C21.1028 20.5556 21.1028 19.7641 20.6146 19.276L17.8379 16.4993C19.1515 15.6017 20.4578 14.3996 21.7519 12.8929C22.0756 12.5267 22.0868 11.9633 21.7606 11.583L21.7519 11.573C17.3028 6.39284 12.7092 4.81293 8.17192 6.83327L4.70476 3.36612C4.21661 2.87796 3.42515 2.87796 2.937 3.36612ZM7.62094 9.81782C7.22525 10.5338 7.00003 11.3571 7.00003 12.2329C7.00003 14.9944 9.2386 17.2329 12 17.2329C12.8759 17.2329 13.6992 17.0077 14.4151 16.612L12.4884 14.6853C12.3304 14.7165 12.1671 14.7329 12 14.7329C10.6193 14.7329 9.50003 13.6137 9.50003 12.2329C9.50003 12.0658 9.51643 11.9025 9.5477 11.7446L7.62094 9.81782ZM11.2018 9.86311L9.33824 7.99959C10.109 7.51393 11.0217 7.23296 12 7.23296C14.7614 7.23296 17 9.47153 17 12.2329C17 13.2113 16.719 14.124 16.2334 14.8947L14.3699 13.0312C14.4543 12.7805 14.5 12.5121 14.5 12.2329C14.5 10.8522 13.3807 9.73295 12 9.73295C11.7209 9.73295 11.4524 9.7787 11.2018 9.86311Z"
              fill="black"
              fill-rule="evenodd"
            />
          </svg>
        </button>
      </div>
    </div>
  </div>
</div>
`;

exports[` has the option of moving the icon to the left 2`] = `
<div>
  <div
    class="container-0-2-4"
  >
    <div
      class="root-0-2-22 medium-0-2-28"
    >
      <div
        class="affix-0-2-38 prefix-0-2-34 prefix-0-2-40"
      >
        <button
          class="resetButton-0-2-3 icon-0-2-1"
          type="button"
        >
          <svg
            fill="none"
            height="24"
            viewBox="0 0 24 24"
            width="24"
            xmlns="http://www.w3.org/2000/svg"
          >
            <path
              clip-rule="evenodd"
              d="M2.937 3.36612C2.44885 3.85427 2.44885 4.64572 2.937 5.13388L5.93092 8.1278C4.69525 9.00632 3.46629 10.1547 2.24816 11.573L2.23942 11.583C1.91318 11.9632 1.92444 12.5267 2.24816 12.8929C6.60756 17.9686 11.1057 19.5878 15.5536 17.7505L18.8469 21.0438C19.335 21.5319 20.1265 21.5319 20.6146 21.0438C21.1028 20.5556 21.1028 19.7641 20.6146 19.276L17.8379 16.4993C19.1515 15.6017 20.4578 14.3996 21.7519 12.8929C22.0756 12.5267 22.0868 11.9633 21.7606 11.583L21.7519 11.573C17.3028 6.39284 12.7092 4.81293 8.17192 6.83327L4.70476 3.36612C4.21661 2.87796 3.42515 2.87796 2.937 3.36612ZM7.62094 9.81782C7.22525 10.5338 7.00003 11.3571 7.00003 12.2329C7.00003 14.9944 9.2386 17.2329 12 17.2329C12.8759 17.2329 13.6992 17.0077 14.4151 16.612L12.4884 14.6853C12.3304 14.7165 12.1671 14.7329 12 14.7329C10.6193 14.7329 9.50003 13.6137 9.50003 12.2329C9.50003 12.0658 9.51643 11.9025 9.5477 11.7446L7.62094 9.81782ZM11.2018 9.86311L9.33824 7.99959C10.109 7.51393 11.0217 7.23296 12 7.23296C14.7614 7.23296 17 9.47153 17 12.2329C17 13.2113 16.719 14.124 16.2334 14.8947L14.3699 13.0312C14.4543 12.7805 14.5 12.5121 14.5 12.2329C14.5 10.8522 13.3807 9.73295 12 9.73295C11.7209 9.73295 11.4524 9.7787 11.2018 9.86311Z"
              fill="black"
              fill-rule="evenodd"
            />
          </svg>
        </button>
      </div>
      <input
        class="input-0-2-30 password-0-2-2 inputMedium-0-2-32"
        type="password"
        value=""
      />
    </div>
  </div>
</div>
`;
